11:34:10 **** Incremental Build of configuration Debug for project Assign1_04 ****
make -j12 all 
arm-none-eabi-gcc "../Src/main.c" -mcpu=cortex-m4 -std=gnu11 -g3 -DDEBUG -DSTM32 -DSTM32F407G_DISC1 -DSTM32F4 -DSTM32F407VGTx -c -I../Inc -O0 -ffunction-sections -fdata-sections -Wall -fstack-usage -fcyclomatic-complexity -MMD -MP -MF"Src/main.d" -MT"Src/main.o" --specs=nano.specs -mfpu=fpv4-sp-d16 -mfloat-abi=soft -mthumb -o "Src/main.o"
arm-none-eabi-gcc -o "Assign1_04.elf" @"objects.list"   -mcpu=cortex-m4 -T"/home/rushikesh/C-DAC/Assignment/MCPI_Assignment/Assignment_01/Assign1_04/STM32F407VGTX_FLASH.ld" --specs=nosys.specs -Wl,-Map="Assign1_04.map" -Wl,--gc-sections -static --specs=nano.specs -mfpu=fpv4-sp-d16 -mfloat-abi=soft -mthumb -Wl,--start-group -lc -lm -Wl,--end-group
Finished building target: Assign1_04.elf
 
arm-none-eabi-size  Assign1_04.elf 
arm-none-eabi-objdump -h -S Assign1_04.elf  > "Assign1_04.list"
   text	   data	    bss	    dec	    hex	filename
   1308	      4	   1564	   2876	    b3c	Assign1_04.elf
Finished building: default.size.stdout
 
Finished building: Assign1_04.list
 
11:34:15 **** Incremental Build of configuration Debug for project Assign1_04 ****
make -j12 all 
arm-none-eabi-size  Assign1_04.elf 
   text	   data	    bss	    dec	    hex	filename
   1308	      4	   1564	   2876	    b3c	Assign1_04.elf
Finished building: default.size.stdout
 
