21:51:03 **** Incremental Build of configuration Debug for project Assign3_03 ****
make -j12 all 
arm-none-eabi-gcc "../Core/Src/main.c" -mcpu=cortex-m4 -std=gnu11 -g3 -DDEBUG -DUSE_HAL_DRIVER -DSTM32F407xx -c -I../Core/Inc -I../Drivers/STM32F4xx_HAL_Driver/Inc -I../Drivers/STM32F4xx_HAL_Driver/Inc/Legacy -I../Drivers/CMSIS/Device/ST/STM32F4xx/Include -I../Drivers/CMSIS/Include -O0 -ffunction-sections -fdata-sections -Wall -fstack-usage -fcyclomatic-complexity -MMD -MP -MF"Core/Src/main.d" -MT"Core/Src/main.o" --specs=nano.specs -mfpu=fpv4-sp-d16 -mfloat-abi=hard -mthumb -o "Core/Src/main.o"
arm-none-eabi-gcc -o "Assign3_03.elf" @"objects.list"   -mcpu=cortex-m4 -T"/home/rushikesh/C-DAC/Assignment/MCPI_Assignment/Assignment_03/Assign3_03/STM32F407VGTX_FLASH.ld" --specs=nosys.specs -Wl,-Map="Assign3_03.map" -Wl,--gc-sections -static --specs=nano.specs -mfpu=fpv4-sp-d16 -mfloat-abi=hard -mthumb -Wl,--start-group -lc -lm -Wl,--end-group
Finished building target: Assign3_03.elf
 
arm-none-eabi-size  Assign3_03.elf 
arm-none-eabi-objdump -h -S Assign3_03.elf  > "Assign3_03.list"
   text	   data	    bss	    dec	    hex	filename
  14896	     92	   2124	  17112	   42d8	Assign3_03.elf
Finished building: default.size.stdout
 
Finished building: Assign3_03.list
 

21:51:03 Build Finished. 0 errors, 0 warnings. (took 270ms)

