22:51:05 **** Incremental Build of configuration Debug for project Assign3_02 ****
make -j12 all 
arm-none-eabi-gcc "../Core/Src/main.c" -mcpu=cortex-m4 -std=gnu11 -g3 -DDEBUG -DUSE_HAL_DRIVER -DSTM32F407xx -c -I../Core/Inc -I../Drivers/STM32F4xx_HAL_Driver/Inc -I../Drivers/STM32F4xx_HAL_Driver/Inc/Legacy -I../Drivers/CMSIS/Device/ST/STM32F4xx/Include -I../Drivers/CMSIS/Include -O0 -ffunction-sections -fdata-sections -Wall -fstack-usage -fcyclomatic-complexity -MMD -MP -MF"Core/Src/main.d" -MT"Core/Src/main.o" --specs=nano.specs -mfpu=fpv4-sp-d16 -mfloat-abi=hard -mthumb -o "Core/Src/main.o"
arm-none-eabi-gcc -o "Assign3_02.elf" @"objects.list"   -mcpu=cortex-m4 -T"/home/rushikesh/C-DAC/Assignment/MCPI_Assignment/Assignment_03/Assign3_02/STM32F407VGTX_FLASH.ld" --specs=nosys.specs -Wl,-Map="Assign3_02.map" -Wl,--gc-sections -static --specs=nano.specs -mfpu=fpv4-sp-d16 -mfloat-abi=hard -mthumb -Wl,--start-group -lc -lm -Wl,--end-group
Finished building target: Assign3_02.elf
 
arm-none-eabi-size  Assign3_02.elf 
arm-none-eabi-objdump -h -S Assign3_02.elf  > "Assign3_02.list"
   text	   data	    bss	    dec	    hex	filename
   8224	     12	   1644	   9880	   2698	Assign3_02.elf
Finished building: default.size.stdout
 
Finished building: Assign3_02.list
 
22:52:29 **** Incremental Build of configuration Debug for project Assign3_02 ****
make -j12 all 
arm-none-eabi-size  Assign3_02.elf 
   text	   data	    bss	    dec	    hex	filename
   8224	     12	   1644	   9880	   2698	Assign3_02.elf
Finished building: default.size.stdout
 
